MySQL Shell 8.0.32

Copyright (c) 2016, 2023, Oracle and/or its affiliates.
Oracle is a registered trademark of Oracle Corporation and/or its affiliates.
Other names may be trademarks of their respective owners.

Type '\help' or '\?' for help; '\quit' to exit.
 MySQL  JS > \sql
Switching to SQL mode... Commands end with ;
 MySQL  SQL > \c --mc root@localhost
Creating a Classic session to 'root@localhost'
Please provide the password for 'root@localhost': *********
Save password for 'root@localhost'? [Y]es/[N]o/Ne[v]er (default No):
Fetching global names for auto-completion... Press ^C to stop.
Your MySQL connection id is 9
Server version: 8.0.31 MySQL Community Server - GPL
No default schema selected; type \use <schema> to set one.
 MySQL  localhost:3306 ssl  SQL > CREATE DATABASE Company;
Query OK, 1 row affected (0.0116 sec)
 MySQL  localhost:3306 ssl  SQL > USE Company;
Default schema set to `Company`.
Fetching global names, object names from `company` for auto-completion... Press ^C to stop.
 MySQL  localhost:3306 ssl  company  SQL > CREATE TABLE Employee (
                                        ->   EmployeeId INT PRIMARY KEY,
                                        ->   FullName VARCHAR(50) NOT NULL,
                                        ->   Technology VARCHAR(50) NOT NULL,
                                        ->   Salary FLOAT NOT NULL,
                                        ->   Gender VARCHAR(50) NOT NULL,
                                        ->   Age INT NOT NULL
                                        -> );
Query OK, 0 rows affected (0.0757 sec)
 MySQL  localhost:3306 ssl  company  SQL > INSERT INTO Employee (EmployeeId, FullName, Technology, Salary, Gender, Age)VALUES (1001, 'John Doe', 'Java', 35000, 'Male', 25);
Query OK, 1 row affected (0.0115 sec)
 MySQL  localhost:3306 ssl  company  SQL > INSERT INTO Employee (EmployeeId, FullName, Technology, Salary, Gender, Age)VALUES (1002, 'Mary Smith', 'Java', 45000, 'Female', 27);
Query OK, 1 row affected (0.0046 sec)
 MySQL  localhost:3306 ssl  company  SQL > INSERT INTO Employee (EmployeeId, FullName, Technology, Salary, Gender, Age)VALUES (1003, 'James Brown', 'Java', 50000, 'Male', 28);
Query OK, 1 row affected (0.0032 sec)
 MySQL  localhost:3306 ssl  company  SQL > INSERT INTO Employee (EmployeeId, FullName, Technology, Salary, Gender, Age)VALUES (1004, 'Mike Walker', '.NET', 50000, 'Male', 28);
Query OK, 1 row affected (0.0045 sec)
 MySQL  localhost:3306 ssl  company  SQL > INSERT INTO Employee (EmployeeId, FullName, Technology, Salary, Gender, Age)VALUES (1005, 'Linda Jones', '.NET', 75000, 'Female', 26);
Query OK, 1 row affected (0.0064 sec)
 MySQL  localhost:3306 ssl  company  SQL > INSERT INTO Employee (EmployeeId, FullName, Technology, Salary, Gender, Age)VALUES (1006, 'Anurag Mohanty', '.NET', 35000, 'Male', 25);
Query OK, 1 row affected (0.0029 sec)
 MySQL  localhost:3306 ssl  company  SQL > INSERT INTO Employee (EmployeeId, FullName, Technology, Salary, Gender, Age)VALUES (1007, 'Priyanla Dewangan', '.NET', 45000, 'Female', 27);
Query OK, 1 row affected (0.0036 sec)
 MySQL  localhost:3306 ssl  company  SQL > INSERT INTO Employee (EmployeeId, FullName, Technology, Salary, Gender, Age)VALUES (1008, 'Sambit Mohanty', '.NET', 50000, 'Male', 28);
Query OK, 1 row affected (0.0030 sec)
 MySQL  localhost:3306 ssl  company  SQL > INSERT INTO Employee (EmployeeId, FullName, Technology, Salary, Gender, Age)VALUES (1009, 'Pranaya Kumar', 'Java', 50000, 'Male', 28);
Query OK, 1 row affected (0.0030 sec)
 MySQL  localhost:3306 ssl  company  SQL > INSERT INTO Employee (EmployeeId, FullName, Technology, Salary, Gender, Age)VALUES (1010, 'Hina Sharma', 'Java', 75000, 'Female', 26);
Query OK, 1 row affected (0.0019 sec)
 MySQL  localhost:3306 ssl  company  SQL > CREATE TABLE Projects (
                                        ->  ProjectId INT PRIMARY KEY AUTO_INCREMENT,
                                        ->     ProjectName VARCHAR(200) NOT NULL,
                                        ->  EmployeeId INT,
                                        ->     StartDate DATETIME,
                                        ->     EndDate DATETIME,
                                        ->     FOREIGN KEY (EmployeeId) REFERENCES Employee(EmployeeId)
                                        -> );
Query OK, 0 rows affected (0.0582 sec)
 MySQL  localhost:3306 ssl  company  SQL > INSERT INTO Projects (ProjectName, EmployeeId, StartDate, EndDate) VALUES
                                        -> ('Develop Ecommerse Website from scratch', 1003, NOW(), DATE_ADD(NOW(), INTERVAL 30 DAY)),
                                        -> ('WordPress Website for our company', 1002, NOW(), DATE_ADD(NOW(), INTERVAL 45 DAY)),
                                        -> ('Manage our Company Servers', 1007, NOW(), DATE_ADD(NOW(), INTERVAL 45 DAY)),
                                        -> ('Hosting account is not working', 1009, NOW(), DATE_ADD(NOW(), INTERVAL 7 DAY)),
                                        -> ('MySQL database from my desktop application', 1010, NOW(), DATE_ADD(NOW(), INTERVAL 15 DAY)),
                                        -> ('Develop new WordPress plugin for my business website', NULL, NOW(), DATE_ADD(NOW(), INTERVAL 10 DAY)),
                                        -> ('Migrate web application and database to new server', NULL, NOW(), DATE_ADD(NOW(), INTERVAL 5 DAY)),
                                        -> ('Android Application development', 1004, NOW(), DATE_ADD(NOW(), INTERVAL 30DAY)),
                                        -> ('Hosting account is not working', 1001, NOW(), DATE_ADD(NOW(), INTERVAL 7 DAY)),
                                        -> ('MySQL database from my desktop application', 1008, NOW(), DATE_ADD(NOW(), INTERVAL 15 DAY)),
                                        -> ('Develop new WordPress plugin for my business website', NULL, NOW(), DATE_ADD(NOW(), INTERVAL 10 DAY));
Query OK, 11 rows affected (0.0111 sec)

Records: 11  Duplicates: 0  Warnings: 0
 MySQL  localhost:3306 ssl  company  SQL > CREATE TABLE Address
                                        -> (
                                        ->     AddressId INT PRIMARY KEY AUTO_INCREMENT,
                                        ->     EmployeeId INT,
                                        ->     Country VARCHAR(50),
                                        ->     State VARCHAR(50),
                                        ->     City VARCHAR(50),
                                        ->     FOREIGN KEY (EmployeeId) REFERENCES Employee(EmployeeId)
                                        -> );
Query OK, 0 rows affected (0.0656 sec)
 MySQL  localhost:3306 ssl  company  SQL > INSERT INTO Address (EmployeeId, Country, State, City) Values (1001, 'India', 'Odisha', 'BBSR');
Query OK, 1 row affected (0.0041 sec)
 MySQL  localhost:3306 ssl  company  SQL > INSERT INTO Address (EmployeeId, Country, State, City) Values (1002, 'India', 'Maharashtra', 'Mumbai');
Query OK, 1 row affected (0.0031 sec)
 MySQL  localhost:3306 ssl  company  SQL > INSERT INTO Address (EmployeeId, Country, State, City) Values (1003, 'India', 'Maharashtra', 'Pune');
Query OK, 1 row affected (0.0019 sec)
 MySQL  localhost:3306 ssl  company  SQL > INSERT INTO Address (EmployeeId, Country, State, City) Values (1004, 'India', 'Odisha', 'Cuttack');
Query OK, 1 row affected (0.0030 sec)
 MySQL  localhost:3306 ssl  company  SQL > INSERT INTO Address (EmployeeId, Country, State, City) Values (1005, 'India', 'Maharashtra', 'Nagpur');
Query OK, 1 row affected (0.0039 sec)
 MySQL  localhost:3306 ssl  company  SQL > INSERT INTO Address (EmployeeId, Country, State, City) Values (1006, 'India', 'Odisha', 'BBSR');
Query OK, 1 row affected (0.0034 sec)
 MySQL  localhost:3306 ssl  company  SQL > show databases;
+--------------------+
| Database           |
+--------------------+
| bdpendientes       |
| company            |
| credit_cards       |
| eva_2              |
| evaluacion_1       |
| exam_credit_cards  |
| human_resources    |
| information_schema |
| mysql              |
| orders             |
| peliculas          |
| performance_schema |
| pruebarecursos     |
| pruebatarjetas     |
| sakila             |
| sys                |
| world              |
+--------------------+
17 rows in set (0.0019 sec)
 MySQL  localhost:3306 ssl  company  SQL > show tables;
+-------------------+
| Tables_in_company |
+-------------------+
| address           |
| employee          |
| projects          |
+-------------------+
3 rows in set (0.0049 sec)
 MySQL  localhost:3306 ssl  company  SQL > select count (*) from projects;
ERROR: 1064 (42000): You have an error in your SQL syntax; check the manual that corresponds to your MySQL server version for the right syntax to use near '*) from projects' at line 1
 MySQL  localhost:3306 ssl  company  SQL > select count(*) from projects;
+----------+
| count(*) |
+----------+
|       11 |
+----------+
1 row in set (0.0080 sec)
 MySQL  localhost:3306 ssl  company  SQL > select count(*) from employee;
+----------+
| count(*) |
+----------+
|       10 |
+----------+
1 row in set (0.0044 sec)
 MySQL  localhost:3306 ssl  company  SQL > select count(*) from address;
+----------+
| count(*) |
+----------+
|        6 |
+----------+
1 row in set (0.0021 sec)
 MySQL  localhost:3306 ssl  company  SQL > desc address;
+------------+-------------+------+-----+---------+----------------+
| Field      | Type        | Null | Key | Default | Extra          |
+------------+-------------+------+-----+---------+----------------+
| AddressId  | int         | NO   | PRI | NULL    | auto_increment |
| EmployeeId | int         | YES  | MUL | NULL    |                |
| Country    | varchar(50) | YES  |     | NULL    |                |
| State      | varchar(50) | YES  |     | NULL    |                |
| City       | varchar(50) | YES  |     | NULL    |                |
+------------+-------------+------+-----+---------+----------------+
5 rows in set (0.0032 sec)
 MySQL  localhost:3306 ssl  company  SQL > desc projects;
+-------------+--------------+------+-----+---------+----------------+
| Field       | Type         | Null | Key | Default | Extra          |
+-------------+--------------+------+-----+---------+----------------+
| ProjectId   | int          | NO   | PRI | NULL    | auto_increment |
| ProjectName | varchar(200) | NO   |     | NULL    |                |
| EmployeeId  | int          | YES  | MUL | NULL    |                |
| StartDate   | datetime     | YES  |     | NULL    |                |
| EndDate     | datetime     | YES  |     | NULL    |                |
+-------------+--------------+------+-----+---------+----------------+
5 rows in set (0.0033 sec)
 MySQL  localhost:3306 ssl  company  SQL > desc employee;
+------------+-------------+------+-----+---------+-------+
| Field      | Type        | Null | Key | Default | Extra |
+------------+-------------+------+-----+---------+-------+
| EmployeeId | int         | NO   | PRI | NULL    |       |
| FullName   | varchar(50) | NO   |     | NULL    |       |
| Technology | varchar(50) | NO   |     | NULL    |       |
| Salary     | float       | NO   |     | NULL    |       |
| Gender     | varchar(50) | NO   |     | NULL    |       |
| Age        | int         | NO   |     | NULL    |       |
+------------+-------------+------+-----+---------+-------+
6 rows in set (0.0028 sec)
 MySQL  localhost:3306 ssl  company  SQL > select * from projects
                                        -> where employeeid not null;
ERROR: 1064 (42000): You have an error in your SQL syntax; check the manual that corresponds to your MySQL server version for the right syntax to use near 'null' at line 2
 MySQL  localhost:3306 ssl  company  SQL > select * from projects where employeeid is not null;
+-----------+--------------------------------------------+------------+---------------------+---------------------+
| ProjectId | ProjectName                                | EmployeeId | StartDate           | EndDate             |
+-----------+--------------------------------------------+------------+---------------------+---------------------+
|         9 | Hosting account is not working             |       1001 | 2023-03-22 11:11:22 | 2023-03-29 11:11:22 |
|         2 | WordPress Website for our company          |       1002 | 2023-03-22 11:11:22 | 2023-05-06 11:11:22 |
|         1 | Develop Ecommerse Website from scratch     |       1003 | 2023-03-22 11:11:22 | 2023-04-21 11:11:22 |
|         8 | Android Application development            |       1004 | 2023-03-22 11:11:22 | 2023-04-21 11:11:22 |
|         3 | Manage our Company Servers                 |       1007 | 2023-03-22 11:11:22 | 2023-05-06 11:11:22 |
|        10 | MySQL database from my desktop application |       1008 | 2023-03-22 11:11:22 | 2023-04-06 11:11:22 |
|         4 | Hosting account is not working             |       1009 | 2023-03-22 11:11:22 | 2023-03-29 11:11:22 |
|         5 | MySQL database from my desktop application |       1010 | 2023-03-22 11:11:22 | 2023-04-06 11:11:22 |
+-----------+--------------------------------------------+------------+---------------------+---------------------+
8 rows in set (0.0024 sec)
 MySQL  localhost:3306 ssl  company  SQL > select * from projects where employeeid is null;
+-----------+------------------------------------------------------+------------+---------------------+---------------------+
| ProjectId | ProjectName                                          | EmployeeId | StartDate           | EndDate
    |
+-----------+------------------------------------------------------+------------+---------------------+---------------------+
|         6 | Develop new WordPress plugin for my business website |       NULL | 2023-03-22 11:11:22 | 2023-04-01 11:11:22 |
|         7 | Migrate web application and database to new server   |       NULL | 2023-03-22 11:11:22 | 2023-03-27 11:11:22 |
|        11 | Develop new WordPress plugin for my business website |       NULL | 2023-03-22 11:11:22 | 2023-04-01 11:11:22 |
+-----------+------------------------------------------------------+------------+---------------------+---------------------+
3 rows in set (0.0012 sec)
 MySQL  localhost:3306 ssl  company  SQL > select a.projectname, b.fullname
                                        -> from projects a
                                        -> inner join employee b
                                        -> on a.employeeid = b.employeeid
                                        -> ;
+--------------------------------------------+-------------------+
| projectname                                | fullname          |
+--------------------------------------------+-------------------+
| Hosting account is not working             | John Doe          |
| WordPress Website for our company          | Mary Smith        |
| Develop Ecommerse Website from scratch     | James Brown       |
| Android Application development            | Mike Walker       |
| Manage our Company Servers                 | Priyanla Dewangan |
| MySQL database from my desktop application | Sambit Mohanty    |
| Hosting account is not working             | Pranaya Kumar     |
| MySQL database from my desktop application | Hina Sharma       |
+--------------------------------------------+-------------------+
8 rows in set (0.0016 sec)
 MySQL  localhost:3306 ssl  company  SQL > select a.fullname, b.country, b.state, b.city
                                        -> from employee a
                                        -> inner join address b
                                        -> on a.employeeid = b.employeeid;
+----------------+---------+-------------+---------+
| fullname       | country | state       | city    |
+----------------+---------+-------------+---------+
| John Doe       | India   | Odisha      | BBSR    |
| Mary Smith     | India   | Maharashtra | Mumbai  |
| James Brown    | India   | Maharashtra | Pune    |
| Mike Walker    | India   | Odisha      | Cuttack |
| Linda Jones    | India   | Maharashtra | Nagpur  |
| Anurag Mohanty | India   | Odisha      | BBSR    |
+----------------+---------+-------------+---------+
6 rows in set (0.0014 sec)
 MySQL  localhost:3306 ssl  company  SQL > select a.projectname, b.fullname, c.city
                                        -> from projects a
                                        -> inner join employee b
                                        -> on a.employeeid = b.employeeid
                                        -> inner join address c
                                        -> on b.employeeid = c.employeeid;
+----------------------------------------+-------------+---------+
| projectname                            | fullname    | city    |
+----------------------------------------+-------------+---------+
| Hosting account is not working         | John Doe    | BBSR    |
| WordPress Website for our company      | Mary Smith  | Mumbai  |
| Develop Ecommerse Website from scratch | James Brown | Pune    |
| Android Application development        | Mike Walker | Cuttack |
+----------------------------------------+-------------+---------+
4 rows in set (0.0012 sec)
 MySQL  localhost:3306 ssl  company  SQL > select a.projectname, b.fullname, c.city from projects a inner join employeeb on a.employeeid = b.employeeid join address c on b.employeeid = c.employeeid;
+----------------------------------------+-------------+---------+
| projectname                            | fullname    | city    |
+----------------------------------------+-------------+---------+
| Hosting account is not working         | John Doe    | BBSR    |
| WordPress Website for our company      | Mary Smith  | Mumbai  |
| Develop Ecommerse Website from scratch | James Brown | Pune    |
| Android Application development        | Mike Walker | Cuttack |
+----------------------------------------+-------------+---------+
4 rows in set (0.0014 sec)
 MySQL  localhost:3306 ssl  company  SQL > select a.projectname, b.fullname, c.city from projects a join employee b on a.employeeid = b.employeeid join address c on b.employeeid = c.employeeid;
+----------------------------------------+-------------+---------+
| projectname                            | fullname    | city    |
+----------------------------------------+-------------+---------+
| Hosting account is not working         | John Doe    | BBSR    |
| WordPress Website for our company      | Mary Smith  | Mumbai  |
| Develop Ecommerse Website from scratch | James Brown | Pune    |
| Android Application development        | Mike Walker | Cuttack |
+----------------------------------------+-------------+---------+
4 rows in set (0.0011 sec)
 MySQL  localhost:3306 ssl  company  SQL > select a.projectname, b.fullname, c.city from projects a join employee b on a.employeeid = b.employeeid left [outer] join address c on b.employeeid = c.employeeid;
ERROR: 1064 (42000): You have an error in your SQL syntax; check the manual that corresponds to your MySQL server version for the right syntax to use near '[outer] join address c on b.employeeid = c.employeeid' at line 1
 MySQL  localhost:3306 ssl  company  SQL > select a.projectname, b.fullname, c.city from projects a join employee b on a.employeeid = b.employeeid left join address c on b.employeeid = c.employeeid;
+--------------------------------------------+-------------------+---------+
| projectname                                | fullname          | city    |
+--------------------------------------------+-------------------+---------+
| Hosting account is not working             | John Doe          | BBSR    |
| WordPress Website for our company          | Mary Smith        | Mumbai  |
| Develop Ecommerse Website from scratch     | James Brown       | Pune    |
| Android Application development            | Mike Walker       | Cuttack |
| Manage our Company Servers                 | Priyanla Dewangan | NULL    |
| MySQL database from my desktop application | Sambit Mohanty    | NULL    |
| Hosting account is not working             | Pranaya Kumar     | NULL    |
| MySQL database from my desktop application | Hina Sharma       | NULL    |
+--------------------------------------------+-------------------+---------+
8 rows in set (0.0013 sec)
 MySQL  localhost:3306 ssl  company  SQL > select a.projectname, b.fullname from projects a left join employee b on a.employeeid = b.employeeid;
+------------------------------------------------------+-------------------+
| projectname                                          | fullname          |
+------------------------------------------------------+-------------------+
| Develop Ecommerse Website from scratch               | James Brown       |
| WordPress Website for our company                    | Mary Smith        |
| Manage our Company Servers                           | Priyanla Dewangan |
| Hosting account is not working                       | Pranaya Kumar     |
| MySQL database from my desktop application           | Hina Sharma       |
| Develop new WordPress plugin for my business website | NULL              |
| Migrate web application and database to new server   | NULL              |
| Android Application development                      | Mike Walker       |
| Hosting account is not working                       | John Doe          |
| MySQL database from my desktop application           | Sambit Mohanty    |
| Develop new WordPress plugin for my business website | NULL              |
+------------------------------------------------------+-------------------+
11 rows in set (0.0011 sec)
 MySQL  localhost:3306 ssl  company  SQL > select a.projectname, b.fullname from projects a left join employee b on a.employeeid = b.employeeid order by b.fullname;
+------------------------------------------------------+-------------------+
| projectname                                          | fullname          |
+------------------------------------------------------+-------------------+
| Develop new WordPress plugin for my business website | NULL              |
| Migrate web application and database to new server   | NULL              |
| Develop new WordPress plugin for my business website | NULL              |
| MySQL database from my desktop application           | Hina Sharma       |
| Develop Ecommerse Website from scratch               | James Brown       |
| Hosting account is not working                       | John Doe          |
| WordPress Website for our company                    | Mary Smith        |
| Android Application development                      | Mike Walker       |
| Hosting account is not working                       | Pranaya Kumar     |
| Manage our Company Servers                           | Priyanla Dewangan |
| MySQL database from my desktop application           | Sambit Mohanty    |
+------------------------------------------------------+-------------------+
11 rows in set (0.0015 sec)
 MySQL  localhost:3306 ssl  company  SQL > select a.projectname, b.fullname, c.city from projects a left join employee b on a.employeeid = b.employeeid left join address c on b.employeeid = c.employeeid;
+------------------------------------------------------+-------------------+---------+
| projectname                                          | fullname          | city    |
+------------------------------------------------------+-------------------+---------+
| Develop Ecommerse Website from scratch               | James Brown       | Pune    |
| WordPress Website for our company                    | Mary Smith        | Mumbai  |
| Manage our Company Servers                           | Priyanla Dewangan | NULL    |
| Hosting account is not working                       | Pranaya Kumar     | NULL    |
| MySQL database from my desktop application           | Hina Sharma       | NULL    |
| Develop new WordPress plugin for my business website | NULL              | NULL    |
| Migrate web application and database to new server   | NULL              | NULL    |
| Android Application development                      | Mike Walker       | Cuttack |
| Hosting account is not working                       | John Doe          | BBSR    |
| MySQL database from my desktop application           | Sambit Mohanty    | NULL    |
| Develop new WordPress plugin for my business website | NULL              | NULL    |
+------------------------------------------------------+-------------------+---------+
11 rows in set (0.0011 sec)
 MySQL  localhost:3306 ssl  company  SQL >
